[AMD CHILD START] child_pid=19444
[AMD CHILD JOB RESTORED] generation=1
[AMD CHILD RENDER START] generation=1
[HUD PREP PROGRESS] phase=worker_init done=0 total=1 phase_pct=0.0% overall_pct=0.0% elapsed_ms=0.0
RENDER PATH: mode=single exporter=amd_native_exporter decode=selected_native_mode video_frame_path=GPU hud=amd_native map=amd_native encode=AMF fallback_reason=none
[AMD EXPORTER] TELEM_MAX_FRAMES active: bounded to 150 frames (5.00s)
[AMD DECODE] requested=GPU effective=GPU source=GUI backend=D3D11VA
  DECODE_MODE      = GPU (D3D11VA / VCN)
[RUNTIME]
backend=amd
app_root=C:\_DEV\BikeRideHUD-main-new
vendor_runtime=C:\_DEV\BikeRideHUD-main-new\runtime\amd\bin
native_dll=C:\_DEV\BikeRideHUD-main-new\runtime\amd\bin\telem_amd_native.dll
sha256=7f93c483404f970ea4e2110dcfe12535429b25b11df7415b688c07cef508752f
[AMD ENCODER] codec=HEVC quality=QUALITY component=AMFVideoEncoderHW_HEVC input_surface=NV12 bit_depth=8 live_mux=yes
[AMD CHILD NATIVE INIT] telem_amd_create
[AUDIO CACHE] MISS source=GX010361.MP4 key=GX010361_ed69b8f60a324d41
[AUDIO CACHE] extracting source=GX010361.MP4 to C:\Users\Malcerz\AppData\Local\BikeRideHUD\cache\media\GX010361_ed69b8f60a324d41\audio_stream.19444_1791545861690026800.part.m4a (stream-copy)...
[AUDIO CACHE] ready source=GX010361.MP4 cache=C:\Users\Malcerz\AppData\Local\BikeRideHUD\cache\media\GX010361_ed69b8f60a324d41\audio_stream.m4a size=50127778 bytes streams=1 elapsed_s=162.916
[AUDIO CACHE] HIT source=GX010361.MP4 cache=C:\Users\Malcerz\AppData\Local\BikeRideHUD\cache\media\GX010361_ed69b8f60a324d41\audio_stream.m4a size=50127778 bytes
[AMD SINGLE-PASS A/V MUX] audio plan=C:\_DEV\BikeRideHUD-main-new\scratch\amd_real_direct.audio.concat.txt clips=1
[AMD DIRECT MUX] mode=single clips=1 video=pipe audio=concat output=.part
[AMD DIRECT MUX] topology=single_pass_av
[HUD PREP LEAN] stage=lean_vectorize keys=('lean_indicator',) frames=150 elapsed_ms=3812.78
[GAUGE FONT]
indicator=speed_text
element=scale
requested=(default)
resolved=C:\Users\Malcerz\AppData\Local\Microsoft\Windows\Fonts\digital-7 (mono).ttf
renderer=_render_gauge_indicator
[GAUGE FONT]
indicator=speed_text
element=value
requested=(default)
resolved=C:\Users\Malcerz\AppData\Local\Microsoft\Windows\Fonts\digital-7 (mono).ttf
renderer=_render_gauge_indicator
[GAUGE FONT]
indicator=speed_text
element=unit
requested=(default)
resolved=C:\Users\Malcerz\AppData\Local\Microsoft\Windows\Fonts\digital-7 (mono).ttf
renderer=_render_gauge_indicator
[AMD CHECKPOINT 5000] FRAME=0 LIVE_TEMP_TEXTURES=1 LIVE_SRVS=6 LIVE_UAVS=17 GPU_MEMORY_MB=359.7 PROCESS_PRIVATE_MB=2446.5
[MEMORY FRAME 0 BEFORE VP BLT]
  process_private_mb=2470.27
  system_commit_mb=37892.30
  GPU_dedicated_used_mb=359.73
  GPU_shared_used_mb=0.00
  decode_surface_count=11
  decode_surface_bytes_total=273715200
  postscale_surface_count=8
  postscale_surface_bytes_total=99532800
  encoder_surface_count=4
  encoder_surface_bytes_total=49766400
[AMD FIRST PACKET] frame=2 encoded_bytes=262144 pipe_write_ok=1 pump_read_bytes=262144 ffmpeg_stdin_bytes=262144 output_size=0
[MAP CACHE AUDIT] PREFETCH required tiles = 123 | PREFETCH cached tiles = 123 | RENDER requested tiles = 123 | RENDER cache hits = 296 | RENDER cache misses = 0 | frames with miss = 0

[FINALIZATION BEGIN]
[AMD FINALIZATION DIAGNOSTICS: END OF FRAME LOOP] total_frames=150 decoded=150 vp=150 submitted=150 received_packets=149 pending_packets=1 queue_in_flight=1 max_in_flight=2
[DRAIN BEGIN]
[DRAIN END] elapsed_ms=42.22 ok=1
[ENCODER CLOSE BEGIN]
[ENCODER CLOSE END] elapsed_ms=55.90
[PUMP JOIN BEGIN]
[PUMP JOIN END] elapsed_ms=0.02
[AMD FINALIZATION DIAGNOSTICS: ENTRY TO ZAPIS MP4]
  timestamp=1791546035.988120
  total_frames=150
  part_size_bytes=4032958 (3.85 MB)
  pump_thread_alive=False
  mux_process_alive=False
  proc_mux_pid=4656
  stdin_open=False
  received_packets=150/150
  drain_ms=42.22
  encoder_close_ms=55.90
  pump_join_ms=0.02
  output_drive=C:
  output_path=C:\_DEV\BikeRideHUD-main-new\scratch\amd_real_direct.mp4.part
  ffmpeg_cmd=C:\_DEV\BikeRideHUD-main-new\runtime\common\ffmpeg\ffmpeg.exe -y -f hevc -r 30000/1001 -i - -copyts -avoid_negative_ts make_zero -f concat -safe 0 -i C:\_DEV\BikeRideHUD-main-new\scratch\amd_real_direct.audio.concat.txt -map 0:v -map 1:a? -t 5.005000 -c:v copy -c:a copy -f mp4 C:\_DEV\BikeRideHUD-main-new\scratch\amd_real_direct.mp4.part
[MUX WAIT BEGIN]
[MUX WAIT END] elapsed_ms=1.42 rc=0
[AMD DIRECT MUX DIAGNOSTICS] ffmpeg_pid=4656 returncode=0 pump_exit_reason=pipe_closed_error_109 pipe_read_bytes=3868426 ffmpeg_stdin_bytes=3868426 chunks=78
[AMD DIRECT MUX STDERR] ffmpeg version 2026-08-17-git-426841da9d-full_build-www.gyan.dev Copyright (c) 2000-2026 the FFmpeg developers
built with gcc 16.1.0 (Rev2, Built by MSYS2 project)
configuration: --enable-gpl --enable-version3 --enable-static --disable-w32threads --disable-autodetect --enable-cairo --enable-fontconfig --enable-iconv --enable-gnutls --enable-lcms2 --enable-libxml2 --enable-gmp --enable-bzlib --enable-lzma --enable-libsnappy --enable-zlib --enable-librist --enable-libsrt --enable-libssh --enable-libzmq --enable-avisynth --enable-libbluray --enable-libcaca --enable-libdvdnav --enable-libdvdread --enable-sdl2 --enable-libaribb24 --enable-libaribcaption --enable-libdav1d --enable-libdavs2 --enable-libopenjpeg --enable-libquirc --enable-libuavs3d --enable-libxevd --enable-libzvbi --enable-liboapv --enable-libqrencode --enable-librav1e --enable-libsvtav1 --enable-libvvenc --enable-libwebp --enable-libx264 --enable-libx265 --enable-libxavs2 --enable-libxeve --enable-libxvid --enable-libaom --enable-libjxl --enable-libsvtjpegxs --enable-libvpx --enable-mediafoundation --enable-libass --enable-frei0r --enable-libfreetype --enable-libfribidi --enable-libharfbuzz --enable-liblensfun --enable-libvidstab --enable-libvmaf --enable-libzimg --enable-amf --enable-cuda-llvm --enable-cuvid --enable-dxva2 --enable-d3d11va --enable-d3d12va --enable-ffnvcodec --enable-libvpl --enable-nvdec --enable-nvenc --enable-vaapi --enable-vulkan --enable-libplacebo --enable-opencl --enable-libcdio --enable-openal --enable-libgme --enable-libmodplug --enable-libopenmpt --enable-libopencore-amrwb --enable-libmp3lame --enable-libshine --enable-libtheora --enable-libtwolame --enable-libvo-amrwbenc --enable-libcodec2 --enable-libilbc --enable-libgsm --enable-liblc3 --enable-libopencore-amrnb --enable-libopus --enable-libspeex --enable-libvorbis --enable-ladspa --enable-libbs2b --enable-libflite --enable-libmysofa --enable-librubberband --enable-libsoxr --enable-chromaprint --enable-whisper
libavutil      61.  5.100 / 61.  5.100
libavcodec     63.  8.101 / 63.  8.101
libavformat    63.  6.100 / 63.  6.100
libavdevice    63.  2.100 / 63.  2.100
libavfilter    12.  3.101 / 12.  3.101
libswscale     10.  2.100 / 10.  2.100
libswresample   7.  2.100 /  7.  2.100
Input #0, hevc, from 'fd:':
Duration: N/A, bitrate: N/A
Stream #0:0: Video: hevc (Main), yuv420p(tv, bt709), 3840x2160 [SAR 1:1 DAR 16:9], 29.97 fps, 29.97 tbr, 1200k tbn
Input #1, concat, from 'C:\_DEV\BikeRideHUD-main-new\scratch\amd_real_direct.audio.concat.txt':
Duration: N/A, start: 0.000000, bitrate: 253 kb/s
Stream #1:0(und): Audio: aac (LC) (mp4a / 0x6134706D), 48000 Hz, stereo, fltp, 253 kb/s
Metadata:
handler_name    : GoPro AAC
Stream mapping:
Stream #0:0 -> #0:0 (copy)
Stream #1:0 -> #0:1 (copy)
Output #0, mp4, to 'C:\_DEV\BikeRideHUD-main-new\scratch\amd_real_direct.mp4.part':
Metadata:
encoder         : Lavf63.6.100
Stream #0:0: Video: hevc (Main) (hev1 / 0x31766568), yuv420p(tv, bt709), 3840x2160 [SAR 1:1 DAR 16:9], q=2-31, 29.97 fps, 29.97 tbr, 30k tbn
Stream #0:1(und): Audio: aac (LC) (mp4a / 0x6134706D), 48000 Hz, stereo, fltp, 253 kb/s
Metadata:
handler_name    : GoPro AAC
[mp4 @ 000001bd7b5f0640] Timestamps are unset in a packet for stream 0. This is deprecated and will stop working in the future. Fix your code to set the timestamps properly
[out#0/mp4 @ 000001bd7bb4c080] video:3778KiB audio:155KiB subtitle:0KiB other streams:0KiB global headers:0KiB muxing overhead: 0.143972%
[FFPROBE BEGIN]
[FFPROBE END] elapsed_ms=42.92
[OS.REPLACE BEGIN]
[OS.REPLACE END] elapsed_ms=0.64
[FINALIZATION END]
[AMD FINALIZATION SUMMARY TIMINGS] drain_ms=42.22 encoder_close_ms=55.90 pump_join_ms=0.02 mux_wait_ms=1.42 ffprobe_ms=42.92 replace_ms=0.64 final_size_mb=3.85 MB (4032958 bytes)
=== RENDER COMPLETE ===
Frames: 150
HUD prepare: 168.421 s
Video encode: 5.498 s
Finalize: 0.002 s
Total: 174.455 s
Render FPS: 27.280
Effective FPS: 0.860
[PROC] parent EOF detected, cancel triggered for child pid=19444
