[FIT] Loaded 1704 points from Morning_Ride.fit
[FIT] Fields discovered: ['K1', 'K2', 'alt', 'cadence', 'curVpower', 'distance', 'enhanced_altitude', 'enhanced_speed', 'fractional_cadence', 'gopro_battery', 'heart_rate', 'lat', 'lon', 'speed', 'temperature']
[FIT] Synchro: 14 field(s) – {'speed': 1651, 'track': 1683, 'alt': 1704, 'K1': 1703, 'K2': 1703, 'cadence': 1704, 'curVpower': 1704, 'distance': 1704, 'enhanced_altitude': 1704, 'enhanced_speed': 1698, 'fractional_cadence': 1704, 'gopro_battery': 1704, 'heart_rate': 1704, 'temperature': 1704}
[TelemetryManager] FIT loaded: keys=['speed', 'track', 'alt', 'K1', 'K2', 'cadence', 'curVpower', 'distance', 'enhanced_altitude', 'enhanced_speed', 'fractional_cadence', 'gopro_battery', 'heart_rate', 'temperature'], gps_track=1677 pts
[STREAM AMD] Dispatching to production AMD_NATIVE_D3D11 GPU pipeline...
[AMD NATIVE D3D11] AMD_MAP_PATH: CPU_REFERENCE (CPU_REFERENCE active; reason: track_map is the last rendered indicator)
[AMD NATIVE D3D11] AMD_CHART_PATH: GPU_SPLIT
[AMD NATIVE D3D11] AMD_GAUGE_PATH: CPU_REFERENCE
AMD ETAP 5B FIT discovered: K1, K2, alt, cadence, curVpower, distance, enhanced_altitude, enhanced_speed, fractional_cadence, gopro_battery, heart_rate, speed, temperature, track
AMD ETAP 5B FIT active: cadence, enhanced_speed, gopro_battery, heart_rate
AMD ETAP 5B FIT skipped: K1, K2, alt, curVpower, distance, enhanced_altitude, fractional_cadence, speed, temperature, track
AMD Native DLL path: C:\_DEV\TeleM\native\d3d11_amf_pipeline\bin\telem_amd_native.dll
AMD Native DLL build ID: telem-amd-native/1.0.0+db7608a5a715.src26f03674bd97
AMD Native DLL build timestamp: 2026-08-15T22:59:46+02:00
AMD Native DLL file timestamp: 2026-08-16T09:54:02+02:00
AMD Native DLL ABI: 8
AMD_NATIVE_DIAGNOSTICS: OFF
AMD_NATIVE_PROFILING: OFF
AMD Native HUD: ON
AMD Native HUD compositor: GPU_HUD
AMD Native video decode: GPU_HUD_D3D11VA
AMD Native source rotation: 180
AMD Native HUD upload path: DIRTY
AMD Native dirty rect target: 8
AMD Native HUD buffer mode: REFERENCE

[TELEMETRY CHANNELS LOG]
  GPMF records count: 378
  FIT records count:  1651
  GPX records count:  0
[AMD NATIVE D3D11] Initializing telem_amd_native context...
[VP CAPS] MaxInputStreams: 52 MaxStreamStates: 52 FeatureCaps: 0x8e6
[VP FORMATS] NV12 In: YES BGRA In: YES RGBA In: YES
[AMF] InitDX11 SUCCESS: Connected to SAME ID3D11Device.
[AMF] HEVC Hardware Encoder initialized successfully (3840x2160 CQP 28/28 Speed).
[MF DECODER TYPE] DXGI format=104 size=3840x2160 primaries=0 transfer=0 matrix=0 range=2 rotation=0
[TELEM AMD DLL] MediaFoundation D3D11VA decoder configured.
[TELEM AMD DLL] telem_amd_create SUCCESS. Width: 3840 Height: 2160
[MF DECODER] Active mode=GPU_HUD_D3D11VA rotation=180
AMD_OVERLAY_PROFILE: OFF
[AMD NATIVE D3D11VA] FFmpeg rawvideo decoder pipe: OFF
[MF DECODER TYPE] DXGI format=104 size=3840x2160 primaries=9 transfer=16 matrix=0 range=1 rotation=0
[MF SAMPLE] frame=0 pts100ns=0 duration100ns=333666 format=104 size=3840x2160 array=11 subresource=0 bind=0x208 texture=0x1c6f4d48520
Frame 0: HR=None, CAD=None
[AMD NATIVE D3D11] GPU charts active: ['fit_cadence_text', 'fit_heart_rate_text'] (all active charts are z-order disjoint -> GPU safe)
[MF SAMPLE] frame=1 pts100ns=333666 duration100ns=333666 format=104 size=3840x2160 array=11 subresource=1 bind=0x208 texture=0x1c6f4d48520
[MF SAMPLE] frame=2 pts100ns=667333 duration100ns=333666 format=104 size=3840x2160 array=11 subresource=2 bind=0x208 texture=0x1c6f4d48520
[MF SAMPLE] frame=30 pts100ns=10010000 duration100ns=333666 format=104 size=3840x2160 array=11 subresource=0 bind=0x208 texture=0x1c6f4d48520
Frame 30: HR=None, CAD=None
Frame 60: HR=None, CAD=None
Frame 90: HR=None, CAD=None
Frame 120: HR=None, CAD=None
Frame 150: HR=None, CAD=None
Frame 180: HR=None, CAD=None
Frame 210: HR=None, CAD=None
Frame 240: HR=None, CAD=None
Frame 270: HR=None, CAD=None
[MF SAMPLE] frame=300 pts100ns=100100000 duration100ns=333666 format=104 size=3840x2160 array=11 subresource=0 bind=0x208 texture=0x1c6f4d48520
Frame 300: HR=None, CAD=None
Frame 330: HR=None, CAD=None
Frame 360: HR=None, CAD=None
Frame 390: HR=None, CAD=None
Frame 420: HR=None, CAD=None
Frame 450: HR=None, CAD=None
Frame 480: HR=None, CAD=None
Frame 510: HR=None, CAD=None
Frame 540: HR=None, CAD=None
Frame 570: HR=None, CAD=None
[MF SAMPLE] frame=600 pts100ns=200200000 duration100ns=333666 format=104 size=3840x2160 array=11 subresource=0 bind=0x208 texture=0x1c6f4d48520
Frame 600: HR=None, CAD=None
Frame 630: HR=None, CAD=None
Frame 660: HR=None, CAD=None
Frame 690: HR=None, CAD=None
Frame 720: HR=None, CAD=None
Frame 750: HR=None, CAD=None
Frame 780: HR=None, CAD=None
Frame 810: HR=None, CAD=None
Frame 840: HR=None, CAD=None
Frame 870: HR=None, CAD=None
[MF SAMPLE] frame=900 pts100ns=300300000 duration100ns=333666 format=104 size=3840x2160 array=11 subresource=0 bind=0x208 texture=0x1c6f4d48520
Frame 900: HR=None, CAD=None
Frame 930: HR=None, CAD=None
Frame 960: HR=None, CAD=None
Frame 990: HR=None, CAD=None
Frame 1020: HR=None, CAD=None
Frame 1050: HR=None, CAD=None
Frame 1080: HR=None, CAD=None
Frame 1110: HR=None, CAD=None
[TELEM AMD DLL] telem_amd_flush completed. Total received: 1131

[AMD NATIVE D3D11 PIPELINE STATS]
  Source metadata:  1131
  Source requested: 1131
  Python decoded:   1131
  Native processed: 1131
  HUD frames:       1131
  HUD updates:      1131
  Video updates:    0
  VP processed:     1131
  AMF submitted:    1131
  AMF output:       1131
  AMF_INPUT_FULL:   0
  AMF retries:      0
  AMF dropped:      0
  AMF ignored:      0
  CPU blend calls:  0
  GPU profiled:     0
  GPU HUD frames:   1131
  HUD tex creates:  1
  HUD tex uploads:  1131
  HUD upload bytes: 5579832320
  HUD upload rects: 4521
  GPU chart path:   GPU_SPLIT (all active charts are z-order disjoint -> GPU safe)
  Chart GPU frames: CAD=1131 HR=1131
  Chart static uploads: 2 (4.522 MiB total)
  Chart dynamic uploads: 4524 (77.8623 MiB total, 0.0344 MiB/frame)
  Chart full 1160x511 tobytes: 2 total (static-only, 0 per-frame)
  GPU gauge path:   CPU_REFERENCE (disabled)
  Gauge GPU frames: 0
  Gauge upload MiB: 0.0000 total, 0.0000 MiB/frame
  MF ReadSample:    1131
  MF video samples: 1131
  MF stream ticks:  0
  MF null samples:  0
  MF D3D surfaces:  1131
  MF format changes:1
  MF EOS events:    0
  Decoder direct VP:1131
  Decoder GPU copy: 0
  Decoder format:   DXGI_FORMAT_P010
  HW decode proof:  YES
[TELEM AMD DLL] telem_amd_close completed.
[AMD NATIVE D3D11] Muxing encoded video stream + audio (-c:v copy -c:a copy)...
[AMD NATIVE D3D11] Remux complete. Final output: C:\_DEV\TeleM\Raporty\AMD_ETAP5G\l5_full_C_cpu.mp4

[AMD NATIVE ETAP 0 TIMINGS]
Stage                                AVG ms     Median        P95        P99
----------------------------------------------------------------------------
Decode/pipe wait                      0.000      0.000      0.000      0.000
MF ReadSample/decode availability      1.435      0.749      4.104      7.468
MF decoder surface acquisition        0.016      0.009      0.045      0.060
Decoder surface GPU copy              0.000      0.000      0.000      0.000
Telemetry/frame_data                  7.773      7.666     12.990     14.839
compose_overlay                      32.734     27.496     60.192     75.598
map_cpu_upload                        0.000      0.000      0.000      0.000
GPU map upload (native)               0.000      0.000      0.000      0.000
GPU map resize+blend submit           0.000      0.000      0.000      0.000
chart_cpu_tobytes                     0.002      0.000      0.000      0.000
chart_python_upload                   0.002      0.000      0.000      0.000
chart_dynamic_tobytes                 0.130      0.129      0.192      0.284
chart_dynamic_upload                  0.047      0.035      0.099      0.179
gauge_tobytes                         0.000      0.000      0.000      0.000
gauge_upload                          0.000      0.000      0.000      0.000
GPU gauge blend submit                0.000      0.000      0.000      0.000
GPU chart blend submit                0.194      0.146      0.448      0.760
HUD dirty bbox                        0.128      0.108      0.197      0.544
HUD dirty extract                     6.270      5.471     12.515     15.723
PIL tobytes                           0.000      0.000      0.000      0.000
PIL/buffer preparation                6.448      5.582     12.805     16.472
Python->native bridge                 0.036      0.028      0.061      0.133
update_hud                            0.985      0.843      1.568      2.370
Native HUD CPU copy                   0.000      0.000      0.000      0.000
HUD texture upload                    0.949      0.812      1.503      2.309
NV12 staging memcpy                   0.000      0.000      0.000      0.000
BlendRGBAToNV12                       0.000      0.000      0.000      0.000
CopyResource submission               0.000      0.000      0.000      0.000
VideoProcessor CPU submit             0.463      0.386      0.820      1.851
VideoProcessor GPU completion         0.000      0.000      0.000      0.000
GPU wait/synchronization              0.000      0.000      0.000      0.000
AMF submit/backpressure               0.531      0.462      1.004      1.980
AMF QueryOutput                       0.185      0.147      0.441      0.929
Packet write                          0.208      0.159      0.484      0.925
Audio mux                           656.798    656.798    656.798    656.798

[AMD NATIVE TRUE END-TO-END]
  Total wall-clock: 60.447 s
  Encoded frames:   1131
  TRUE FPS:         18.711
  Muxed frames:     1131
  Audio present:    YES
[AMD NATIVE] Profiling JSON: C:\_DEV\TeleM\Raporty\AMD_ETAP5G\l5_full_C_cpu.mp4.amd_profile.json
